// Jest Snapshot v1, https://goo.gl/fbAQLP

exports[`renders correctly 1`] = `
<Router
  history={
    Object {
      "action": "POP",
      "block": [Function],
      "createHref": [Function],
      "go": [Function],
      "goBack": [Function],
      "goForward": [Function],
      "length": 1,
      "listen": [Function],
      "location": Object {
        "hash": "",
        "pathname": "/",
        "search": "",
        "state": undefined,
      },
      "push": [Function],
      "replace": [Function],
    }
  }
>
  <withRouter(_class)
    data={
      Object {
        "description": "Visual Testing for Backoffice Framework",
        "groups": Array [
          Object {
            "cards": Array [
              Object {
                "description": "desc",
                "title": "title",
              },
            ],
            "title": "Title",
          },
        ],
        "title": "Backoffice",
      }
    }
  />
</Router>
`;
