// Jest Snapshot v1, https://goo.gl/fbAQLP

exports[`renders correctly 1`] = `
<DashboardGroup
  cards={
    Array [
      Object {
        "description": "desc",
        "title": "title",
      },
    ]
  }
  classes={
    Object {
      "headline": "DashboardGroup-headline-1",
    }
  }
  onClick={[Function]}
  title="Title"
/>
`;
