// Jest Snapshot v1, https://goo.gl/fbAQLP

exports[`renders correctly 1`] = `
<button
  aria-label="add"
  className="MuiButtonBase-root-24 MuiButton-root-2 MuiButton-contained-11 MuiButton-fab-19 MuiButton-containedSecondary-13 MuiButton-raised-14 MuiButton-raisedSecondary-16 AddButton-button-1"
  disabled={false}
  onBlur={[Function]}
  onClick={[Function]}
  onFocus={[Function]}
  onKeyDown={[Function]}
  onKeyUp={[Function]}
  onMouseDown={[Function]}
  onMouseLeave={[Function]}
  onMouseUp={[Function]}
  onTouchEnd={[Function]}
  onTouchMove={[Function]}
  onTouchStart={[Function]}
  tabIndex="0"
  type="button"
>
  <span
    className="MuiButton-label-3"
  >
    <svg
      aria-hidden="true"
      className="MuiSvgIcon-root-27"
      focusable="false"
      viewBox="0 0 24 24"
    >
      <g>
        <path
          d="M19 13h-6v6h-2v-6H5v-2h6V5h2v6h6v2z"
        />
      </g>
    </svg>
  </span>
  <span
    className="MuiTouchRipple-root-33"
  />
</button>
`;
