// Jest Snapshot v1, https://goo.gl/fbAQLP

exports[`renders correctly 1`] = `
<div
  className="makeStyles-root-1"
>
  <WithStyles(ForwardRef(List))
    className=""
    dense={false}
  >
    <MenuItem
      icon={<Memo(AccessAlarmIcon) />}
      isButton={true}
      redirectTo={[Function]}
      title="Title"
      url="/"
    />
  </WithStyles(ForwardRef(List))>
</div>
`;
