// Jest Snapshot v1, https://goo.gl/fbAQLP

exports[`renders correctly 1`] = `
<WithStyles(Menu)
  data={
    Array [
      Object {
        "icon": Object {
          "$$typeof": Symbol(react.memo),
          "compare": null,
          "displayName": "AccessAlarmIcon",
          "muiName": "SvgIcon",
          "type": Object {
            "$$typeof": Symbol(react.forward_ref),
            "render": [Function],
          },
        },
        "title": "Title",
        "url": "/",
      },
    ]
  }
  redirectTo={[Function]}
>
  <Menu
    classes={
      Object {
        "root": "Menu-root-1",
      }
    }
    data={
      Array [
        Object {
          "icon": Object {
            "$$typeof": Symbol(react.memo),
            "compare": null,
            "displayName": "AccessAlarmIcon",
            "muiName": "SvgIcon",
            "type": Object {
              "$$typeof": Symbol(react.forward_ref),
              "render": [Function],
            },
          },
          "title": "Title",
          "url": "/",
        },
      ]
    }
    redirectTo={[Function]}
  >
    <div
      className="Menu-root-1"
    >
      <WithStyles(ForwardRef(List))>
        <ForwardRef(List)
          classes={
            Object {
              "dense": "MuiList-dense",
              "padding": "MuiList-padding",
              "root": "MuiList-root",
              "subheader": "MuiList-subheader",
            }
          }
        >
          <ul
            className="MuiList-root MuiList-padding"
          >
            <WithStyles(MenuItem)
              icon={
                Object {
                  "$$typeof": Symbol(react.memo),
                  "compare": null,
                  "displayName": "AccessAlarmIcon",
                  "muiName": "SvgIcon",
                  "type": Object {
                    "$$typeof": Symbol(react.forward_ref),
                    "render": [Function],
                  },
                }
              }
              key="menu-62.98173"
              redirectTo={[Function]}
              title="Title"
              url="/"
            >
              <MenuItem
                classes={
                  Object {
                    "isDisabled": "MenuItem-isDisabled-6",
                  }
                }
                icon={
                  Object {
                    "$$typeof": Symbol(react.memo),
                    "compare": null,
                    "displayName": "AccessAlarmIcon",
                    "muiName": "SvgIcon",
                    "type": Object {
                      "$$typeof": Symbol(react.forward_ref),
                      "render": [Function],
                    },
                  }
                }
                isDisabled={false}
                redirectTo={[Function]}
                title="Title"
                url="/"
              >
                <WithStyles(ForwardRef(ListItem))
                  button={true}
                  className=""
                  onClick={[Function]}
                >
                  <ForwardRef(ListItem)
                    button={true}
                    className=""
                    classes={
                      Object {
                        "alignItemsFlexStart": "MuiListItem-alignItemsFlexStart",
                        "button": "MuiListItem-button",
                        "container": "MuiListItem-container",
                        "dense": "MuiListItem-dense",
                        "disabled": "Mui-disabled",
                        "divider": "MuiListItem-divider",
                        "focusVisible": "Mui-focusVisible",
                        "gutters": "MuiListItem-gutters",
                        "root": "MuiListItem-root",
                        "secondaryAction": "MuiListItem-secondaryAction",
                        "selected": "Mui-selected",
                      }
                    }
                    onClick={[Function]}
                  >
                    <WithStyles(ForwardRef(ButtonBase))
                      className="MuiListItem-root MuiListItem-gutters MuiListItem-button"
                      component="div"
                      disabled={false}
                      focusVisibleClassName="Mui-focusVisible"
                      onClick={[Function]}
                    >
                      <ForwardRef(ButtonBase)
                        className="MuiListItem-root MuiListItem-gutters MuiListItem-button"
                        classes={
                          Object {
                            "disabled": "Mui-disabled",
                            "focusVisible": "Mui-focusVisible",
                            "root": "MuiButtonBase-root",
                          }
                        }
                        component="div"
                        disabled={false}
                        focusVisibleClassName="Mui-focusVisible"
                        onClick={[Function]}
                      >
                        <div
                          aria-disabled={false}
                          className="MuiButtonBase-root MuiListItem-root MuiListItem-gutters MuiListItem-button"
                          onBlur={[Function]}
                          onClick={[Function]}
                          onFocus={[Function]}
                          onKeyDown={[Function]}
                          onKeyUp={[Function]}
                          onMouseDown={[Function]}
                          onMouseLeave={[Function]}
                          onMouseUp={[Function]}
                          onTouchEnd={[Function]}
                          onTouchMove={[Function]}
                          onTouchStart={[Function]}
                          role="button"
                          tabIndex={0}
                        >
                          <WithStyles(ForwardRef(ListItemIcon))
                            key=".0"
                          >
                            <ForwardRef(ListItemIcon)
                              classes={
                                Object {
                                  "root": "MuiListItemIcon-root",
                                }
                              }
                            >
                              <div
                                className="MuiListItemIcon-root"
                              >
                                <ForwardRef>
                                  <WithStyles(ForwardRef(SvgIcon))>
                                    <ForwardRef(SvgIcon)
                                      classes={
                                        Object {
                                          "colorAction": "MuiSvgIcon-colorAction",
                                          "colorDisabled": "MuiSvgIcon-colorDisabled",
                                          "colorError": "MuiSvgIcon-colorError",
                                          "colorPrimary": "MuiSvgIcon-colorPrimary",
                                          "colorSecondary": "MuiSvgIcon-colorSecondary",
                                          "fontSizeInherit": "MuiSvgIcon-fontSizeInherit",
                                          "fontSizeLarge": "MuiSvgIcon-fontSizeLarge",
                                          "fontSizeSmall": "MuiSvgIcon-fontSizeSmall",
                                          "root": "MuiSvgIcon-root",
                                        }
                                      }
                                    >
                                      <svg
                                        aria-hidden="true"
                                        className="MuiSvgIcon-root"
                                        focusable="false"
                                        role="presentation"
                                        viewBox="0 0 24 24"
                                      >
                                        <path
                                          d="M0 0h24v24H0z"
                                          fill="none"
                                        />
                                        <path
                                          d="M22 5.72l-4.6-3.86-1.29 1.53 4.6 3.86L22 5.72zM7.88 3.39L6.6 1.86 2 5.71l1.29 1.53 4.59-3.85zM12.5 8H11v6l4.75 2.85.75-1.23-4-2.37V8zM12 4c-4.97 0-9 4.03-9 9s4.02 9 9 9c4.97 0 9-4.03 9-9s-4.03-9-9-9zm0 16c-3.87 0-7-3.13-7-7s3.13-7 7-7 7 3.13 7 7-3.13 7-7 7z"
                                        />
                                      </svg>
                                    </ForwardRef(SvgIcon)>
                                  </WithStyles(ForwardRef(SvgIcon))>
                                </ForwardRef>
                              </div>
                            </ForwardRef(ListItemIcon)>
                          </WithStyles(ForwardRef(ListItemIcon))>
                          <WithStyles(ForwardRef(ListItemText))
                            key=".1"
                            primary="Title"
                          >
                            <ForwardRef(ListItemText)
                              classes={
                                Object {
                                  "dense": "MuiListItemText-dense",
                                  "inset": "MuiListItemText-inset",
                                  "multiline": "MuiListItemText-multiline",
                                  "primary": "MuiListItemText-primary",
                                  "root": "MuiListItemText-root",
                                  "secondary": "MuiListItemText-secondary",
                                }
                              }
                              primary="Title"
                            >
                              <div
                                className="MuiListItemText-root"
                              >
                                <WithStyles(ForwardRef(Typography))
                                  className="MuiListItemText-primary"
                                  component="span"
                                  variant="body1"
                                >
                                  <ForwardRef(Typography)
                                    className="MuiListItemText-primary"
                                    classes={
                                      Object {
                                        "alignCenter": "MuiTypography-alignCenter",
                                        "alignJustify": "MuiTypography-alignJustify",
                                        "alignLeft": "MuiTypography-alignLeft",
                                        "alignRight": "MuiTypography-alignRight",
                                        "body1": "MuiTypography-body1",
                                        "body2": "MuiTypography-body2",
                                        "button": "MuiTypography-button",
                                        "caption": "MuiTypography-caption",
                                        "colorError": "MuiTypography-colorError",
                                        "colorInherit": "MuiTypography-colorInherit",
                                        "colorPrimary": "MuiTypography-colorPrimary",
                                        "colorSecondary": "MuiTypography-colorSecondary",
                                        "colorTextPrimary": "MuiTypography-colorTextPrimary",
                                        "colorTextSecondary": "MuiTypography-colorTextSecondary",
                                        "displayBlock": "MuiTypography-displayBlock",
                                        "displayInline": "MuiTypography-displayInline",
                                        "gutterBottom": "MuiTypography-gutterBottom",
                                        "h1": "MuiTypography-h1",
                                        "h2": "MuiTypography-h2",
                                        "h3": "MuiTypography-h3",
                                        "h4": "MuiTypography-h4",
                                        "h5": "MuiTypography-h5",
                                        "h6": "MuiTypography-h6",
                                        "noWrap": "MuiTypography-noWrap",
                                        "overline": "MuiTypography-overline",
                                        "paragraph": "MuiTypography-paragraph",
                                        "root": "MuiTypography-root",
                                        "srOnly": "MuiTypography-srOnly",
                                        "subtitle1": "MuiTypography-subtitle1",
                                        "subtitle2": "MuiTypography-subtitle2",
                                      }
                                    }
                                    component="span"
                                    theme={
                                      Object {
                                        "breakpoints": Object {
                                          "between": [Function],
                                          "down": [Function],
                                          "keys": Array [
                                            "xs",
                                            "sm",
                                            "md",
                                            "lg",
                                            "xl",
                                          ],
                                          "only": [Function],
                                          "up": [Function],
                                          "values": Object {
                                            "lg": 1280,
                                            "md": 960,
                                            "sm": 600,
                                            "xl": 1920,
                                            "xs": 0,
                                          },
                                          "width": [Function],
                                        },
                                        "direction": "ltr",
                                        "mixins": Object {
                                          "gutters": [Function],
                                          "toolbar": Object {
                                            "@media (min-width:0px) and (orientation: landscape)": Object {
                                              "minHeight": 48,
                                            },
                                            "@media (min-width:600px)": Object {
                                              "minHeight": 64,
                                            },
                                            "minHeight": 56,
                                          },
                                        },
                                        "overrides": Object {},
                                        "palette": Object {
                                          "action": Object {
                                            "active": "rgba(0, 0, 0, 0.54)",
                                            "disabled": "rgba(0, 0, 0, 0.26)",
                                            "disabledBackground": "rgba(0, 0, 0, 0.12)",
                                            "hover": "rgba(0, 0, 0, 0.08)",
                                            "hoverOpacity": 0.08,
                                            "selected": "rgba(0, 0, 0, 0.14)",
                                          },
                                          "augmentColor": [Function],
                                          "background": Object {
                                            "default": "#fafafa",
                                            "paper": "#fff",
                                          },
                                          "common": Object {
                                            "black": "#000",
                                            "white": "#fff",
                                          },
                                          "contrastThreshold": 3,
                                          "divider": "rgba(0, 0, 0, 0.12)",
                                          "error": Object {
                                            "contrastText": "#fff",
                                            "dark": "#d32f2f",
                                            "light": "#e57373",
                                            "main": "#f44336",
                                          },
                                          "getContrastText": [Function],
                                          "grey": Object {
                                            "100": "#f5f5f5",
                                            "200": "#eeeeee",
                                            "300": "#e0e0e0",
                                            "400": "#bdbdbd",
                                            "50": "#fafafa",
                                            "500": "#9e9e9e",
                                            "600": "#757575",
                                            "700": "#616161",
                                            "800": "#424242",
                                            "900": "#212121",
                                            "A100": "#d5d5d5",
                                            "A200": "#aaaaaa",
                                            "A400": "#303030",
                                            "A700": "#616161",
                                          },
                                          "primary": Object {
                                            "contrastText": "#fff",
                                            "dark": "#303f9f",
                                            "light": "#7986cb",
                                            "main": "#3f51b5",
                                          },
                                          "secondary": Object {
                                            "contrastText": "#fff",
                                            "dark": "#c51162",
                                            "light": "#ff4081",
                                            "main": "#f50057",
                                          },
                                          "text": Object {
                                            "disabled": "rgba(0, 0, 0, 0.38)",
                                            "hint": "rgba(0, 0, 0, 0.38)",
                                            "primary": "rgba(0, 0, 0, 0.87)",
                                            "secondary": "rgba(0, 0, 0, 0.54)",
                                          },
                                          "tonalOffset": 0.2,
                                          "type": "light",
                                        },
                                        "props": Object {},
                                        "shadows": Array [
                                          "none",
                                          "0px 1px 3px 0px rgba(0,0,0,0.2),0px 1px 1px 0px rgba(0,0,0,0.14),0px 2px 1px -1px rgba(0,0,0,0.12)",
                                          "0px 1px 5px 0px rgba(0,0,0,0.2),0px 2px 2px 0px rgba(0,0,0,0.14),0px 3px 1px -2px rgba(0,0,0,0.12)",
                                          "0px 1px 8px 0px rgba(0,0,0,0.2),0px 3px 4px 0px rgba(0,0,0,0.14),0px 3px 3px -2px rgba(0,0,0,0.12)",
                                          "0px 2px 4px -1px rgba(0,0,0,0.2),0px 4px 5px 0px rgba(0,0,0,0.14),0px 1px 10px 0px rgba(0,0,0,0.12)",
                                          "0px 3px 5px -1px rgba(0,0,0,0.2),0px 5px 8px 0px rgba(0,0,0,0.14),0px 1px 14px 0px rgba(0,0,0,0.12)",
                                          "0px 3px 5px -1px rgba(0,0,0,0.2),0px 6px 10px 0px rgba(0,0,0,0.14),0px 1px 18px 0px rgba(0,0,0,0.12)",
                                          "0px 4px 5px -2px rgba(0,0,0,0.2),0px 7px 10px 1px rgba(0,0,0,0.14),0px 2px 16px 1px rgba(0,0,0,0.12)",
                                          "0px 5px 5px -3px rgba(0,0,0,0.2),0px 8px 10px 1px rgba(0,0,0,0.14),0px 3px 14px 2px rgba(0,0,0,0.12)",
                                          "0px 5px 6px -3px rgba(0,0,0,0.2),0px 9px 12px 1px rgba(0,0,0,0.14),0px 3px 16px 2px rgba(0,0,0,0.12)",
                                          "0px 6px 6px -3px rgba(0,0,0,0.2),0px 10px 14px 1px rgba(0,0,0,0.14),0px 4px 18px 3px rgba(0,0,0,0.12)",
                                          "0px 6px 7px -4px rgba(0,0,0,0.2),0px 11px 15px 1px rgba(0,0,0,0.14),0px 4px 20px 3px rgba(0,0,0,0.12)",
                                          "0px 7px 8px -4px rgba(0,0,0,0.2),0px 12px 17px 2px rgba(0,0,0,0.14),0px 5px 22px 4px rgba(0,0,0,0.12)",
                                          "0px 7px 8px -4px rgba(0,0,0,0.2),0px 13px 19px 2px rgba(0,0,0,0.14),0px 5px 24px 4px rgba(0,0,0,0.12)",
                                          "0px 7px 9px -4px rgba(0,0,0,0.2),0px 14px 21px 2px rgba(0,0,0,0.14),0px 5px 26px 4px rgba(0,0,0,0.12)",
                                          "0px 8px 9px -5px rgba(0,0,0,0.2),0px 15px 22px 2px rgba(0,0,0,0.14),0px 6px 28px 5px rgba(0,0,0,0.12)",
                                          "0px 8px 10px -5px rgba(0,0,0,0.2),0px 16px 24px 2px rgba(0,0,0,0.14),0px 6px 30px 5px rgba(0,0,0,0.12)",
                                          "0px 8px 11px -5px rgba(0,0,0,0.2),0px 17px 26px 2px rgba(0,0,0,0.14),0px 6px 32px 5px rgba(0,0,0,0.12)",
                                          "0px 9px 11px -5px rgba(0,0,0,0.2),0px 18px 28px 2px rgba(0,0,0,0.14),0px 7px 34px 6px rgba(0,0,0,0.12)",
                                          "0px 9px 12px -6px rgba(0,0,0,0.2),0px 19px 29px 2px rgba(0,0,0,0.14),0px 7px 36px 6px rgba(0,0,0,0.12)",
                                          "0px 10px 13px -6px rgba(0,0,0,0.2),0px 20px 31px 3px rgba(0,0,0,0.14),0px 8px 38px 7px rgba(0,0,0,0.12)",
                                          "0px 10px 13px -6px rgba(0,0,0,0.2),0px 21px 33px 3px rgba(0,0,0,0.14),0px 8px 40px 7px rgba(0,0,0,0.12)",
                                          "0px 10px 14px -6px rgba(0,0,0,0.2),0px 22px 35px 3px rgba(0,0,0,0.14),0px 8px 42px 7px rgba(0,0,0,0.12)",
                                          "0px 11px 14px -7px rgba(0,0,0,0.2),0px 23px 36px 3px rgba(0,0,0,0.14),0px 9px 44px 8px rgba(0,0,0,0.12)",
                                          "0px 11px 15px -7px rgba(0,0,0,0.2),0px 24px 38px 3px rgba(0,0,0,0.14),0px 9px 46px 8px rgba(0,0,0,0.12)",
                                        ],
                                        "shape": Object {
                                          "borderRadius": 4,
                                        },
                                        "spacing": [Function],
                                        "transitions": Object {
                                          "create": [Function],
                                          "duration": Object {
                                            "complex": 375,
                                            "enteringScreen": 225,
                                            "leavingScreen": 195,
                                            "short": 250,
                                            "shorter": 200,
                                            "shortest": 150,
                                            "standard": 300,
                                          },
                                          "easing": Object {
                                            "easeIn": "cubic-bezier(0.4, 0, 1, 1)",
                                            "easeInOut": "cubic-bezier(0.4, 0, 0.2, 1)",
                                            "easeOut": "cubic-bezier(0.0, 0, 0.2, 1)",
                                            "sharp": "cubic-bezier(0.4, 0, 0.6, 1)",
                                          },
                                          "getAutoHeightDuration": [Function],
                                        },
                                        "typography": Object {
                                          "body1": Object {
                                            "fontFamily": "\\"Roboto\\", \\"Helvetica\\", \\"Arial\\", sans-serif",
                                            "fontSize": "1rem",
                                            "fontWeight": 400,
                                            "letterSpacing": "0.00938em",
                                            "lineHeight": 1.5,
                                          },
                                          "body2": Object {
                                            "fontFamily": "\\"Roboto\\", \\"Helvetica\\", \\"Arial\\", sans-serif",
                                            "fontSize": "0.875rem",
                                            "fontWeight": 400,
                                            "letterSpacing": "0.01071em",
                                            "lineHeight": 1.43,
                                          },
                                          "button": Object {
                                            "fontFamily": "\\"Roboto\\", \\"Helvetica\\", \\"Arial\\", sans-serif",
                                            "fontSize": "0.875rem",
                                            "fontWeight": 500,
                                            "letterSpacing": "0.02857em",
                                            "lineHeight": 1.75,
                                            "textTransform": "uppercase",
                                          },
                                          "caption": Object {
                                            "fontFamily": "\\"Roboto\\", \\"Helvetica\\", \\"Arial\\", sans-serif",
                                            "fontSize": "0.75rem",
                                            "fontWeight": 400,
                                            "letterSpacing": "0.03333em",
                                            "lineHeight": 1.66,
                                          },
                                          "fontFamily": "\\"Roboto\\", \\"Helvetica\\", \\"Arial\\", sans-serif",
                                          "fontSize": 14,
                                          "fontWeightBold": 700,
                                          "fontWeightLight": 300,
                                          "fontWeightMedium": 500,
                                          "fontWeightRegular": 400,
                                          "h1": Object {
                                            "fontFamily": "\\"Roboto\\", \\"Helvetica\\", \\"Arial\\", sans-serif",
                                            "fontSize": "6rem",
                                            "fontWeight": 300,
                                            "letterSpacing": "-0.01562em",
                                            "lineHeight": 1,
                                          },
                                          "h2": Object {
                                            "fontFamily": "\\"Roboto\\", \\"Helvetica\\", \\"Arial\\", sans-serif",
                                            "fontSize": "3.75rem",
                                            "fontWeight": 300,
                                            "letterSpacing": "-0.00833em",
                                            "lineHeight": 1,
                                          },
                                          "h3": Object {
                                            "fontFamily": "\\"Roboto\\", \\"Helvetica\\", \\"Arial\\", sans-serif",
                                            "fontSize": "3rem",
                                            "fontWeight": 400,
                                            "letterSpacing": "0em",
                                            "lineHeight": 1.04,
                                          },
                                          "h4": Object {
                                            "fontFamily": "\\"Roboto\\", \\"Helvetica\\", \\"Arial\\", sans-serif",
                                            "fontSize": "2.125rem",
                                            "fontWeight": 400,
                                            "letterSpacing": "0.00735em",
                                            "lineHeight": 1.17,
                                          },
                                          "h5": Object {
                                            "fontFamily": "\\"Roboto\\", \\"Helvetica\\", \\"Arial\\", sans-serif",
                                            "fontSize": "1.5rem",
                                            "fontWeight": 400,
                                            "letterSpacing": "0em",
                                            "lineHeight": 1.33,
                                          },
                                          "h6": Object {
                                            "fontFamily": "\\"Roboto\\", \\"Helvetica\\", \\"Arial\\", sans-serif",
                                            "fontSize": "1.25rem",
                                            "fontWeight": 500,
                                            "letterSpacing": "0.0075em",
                                            "lineHeight": 1.6,
                                          },
                                          "htmlFontSize": 16,
                                          "overline": Object {
                                            "fontFamily": "\\"Roboto\\", \\"Helvetica\\", \\"Arial\\", sans-serif",
                                            "fontSize": "0.75rem",
                                            "fontWeight": 400,
                                            "letterSpacing": "0.08333em",
                                            "lineHeight": 2.66,
                                            "textTransform": "uppercase",
                                          },
                                          "pxToRem": [Function],
                                          "round": [Function],
                                          "subtitle1": Object {
                                            "fontFamily": "\\"Roboto\\", \\"Helvetica\\", \\"Arial\\", sans-serif",
                                            "fontSize": "1rem",
                                            "fontWeight": 400,
                                            "letterSpacing": "0.00938em",
                                            "lineHeight": 1.75,
                                          },
                                          "subtitle2": Object {
                                            "fontFamily": "\\"Roboto\\", \\"Helvetica\\", \\"Arial\\", sans-serif",
                                            "fontSize": "0.875rem",
                                            "fontWeight": 500,
                                            "letterSpacing": "0.00714em",
                                            "lineHeight": 1.57,
                                          },
                                        },
                                        "zIndex": Object {
                                          "appBar": 1100,
                                          "drawer": 1200,
                                          "mobileStepper": 1000,
                                          "modal": 1300,
                                          "snackbar": 1400,
                                          "tooltip": 1500,
                                        },
                                      }
                                    }
                                    variant="body1"
                                  >
                                    <span
                                      className="MuiTypography-root MuiListItemText-primary MuiTypography-body1"
                                    >
                                      Title
                                    </span>
                                  </ForwardRef(Typography)>
                                </WithStyles(ForwardRef(Typography))>
                              </div>
                            </ForwardRef(ListItemText)>
                          </WithStyles(ForwardRef(ListItemText))>
                          <NoSsr>
                            <WithStyles(TouchRipple)
                              center={false}
                            >
                              <TouchRipple
                                center={false}
                                classes={
                                  Object {
                                    "child": "MuiTouchRipple-child",
                                    "childLeaving": "MuiTouchRipple-childLeaving",
                                    "childPulsate": "MuiTouchRipple-childPulsate",
                                    "ripple": "MuiTouchRipple-ripple",
                                    "ripplePulsate": "MuiTouchRipple-ripplePulsate",
                                    "rippleVisible": "MuiTouchRipple-rippleVisible",
                                    "root": "MuiTouchRipple-root",
                                  }
                                }
                              >
                                <span
                                  className="MuiTouchRipple-root"
                                >
                                  <TransitionGroup
                                    childFactory={[Function]}
                                    component={null}
                                    enter={true}
                                    exit={true}
                                  />
                                </span>
                              </TouchRipple>
                            </WithStyles(TouchRipple)>
                          </NoSsr>
                        </div>
                      </ForwardRef(ButtonBase)>
                    </WithStyles(ForwardRef(ButtonBase))>
                  </ForwardRef(ListItem)>
                </WithStyles(ForwardRef(ListItem))>
              </MenuItem>
            </WithStyles(MenuItem)>
          </ul>
        </ForwardRef(List)>
      </WithStyles(ForwardRef(List))>
    </div>
  </Menu>
</WithStyles(Menu)>
`;
