// Jest Snapshot v1, https://goo.gl/fbAQLP

exports[`Back Button renders correctly 1`] = `
<BackButton
  url="/"
/>
`;
