// Jest Snapshot v1, https://goo.gl/fbAQLP

exports[`renders correctly 1`] = `
<ForwardRef(Table)
  classes={
    Object {
      "root": "MuiTable-root",
      "stickyHeader": "MuiTable-stickyHeader",
    }
  }
>
  <ListingLoader
    cols={1}
  />
</ForwardRef(Table)>
`;
