// Jest Snapshot v1, https://goo.gl/fbAQLP

exports[`renders correctly 1`] = `null`;

exports[`renders correctly opened 1`] = `null`;
