// Jest Snapshot v1, https://goo.gl/fbAQLP

exports[`Confirm renders correctly 1`] = `""`;
