// Jest Snapshot v1, https://goo.gl/fbAQLP

exports[`Component Info renders correctly 1`] = `
<CookieInfo
  classes={
    Object {
      "button": "CookieInfo-button-4",
      "content": "CookieInfo-content-3",
      "root": "CookieInfo-root-1",
      "rootActive": "CookieInfo-rootActive-2",
    }
  }
  isOpen={true}
>
  Foo
</CookieInfo>
`;
