// Jest Snapshot v1, https://goo.gl/fbAQLP

exports[`renders correctly 1`] = `
<div
  className="CookieInfo-root-1 CookieInfo-rootActive-2"
>
  <div
    className="CookieInfo-content-3"
  >
    Foo
  </div>
  <button
    className="MuiButtonBase-root-20 MuiButton-root-5 CookieInfo-button-4"
    disabled={false}
    onBlur={[Function]}
    onClick={[Function]}
    onFocus={[Function]}
    onKeyDown={[Function]}
    onKeyUp={[Function]}
    onMouseDown={[Function]}
    onMouseLeave={[Function]}
    onMouseUp={[Function]}
    onTouchEnd={[Function]}
    onTouchMove={[Function]}
    onTouchStart={[Function]}
    tabIndex={0}
    type="button"
  >
    <span
      className="MuiButton-label-6"
    >
      Accept
    </span>
    <span
      className="MuiTouchRipple-root-22"
    />
  </button>
</div>
`;
