// Jest Snapshot v1, https://goo.gl/fbAQLP

exports[`renders correctly 1`] = `
<Drawer
  classes={
    Object {
      "drawerHeader": "Drawer-drawerHeader-2",
      "drawerPaper": "Drawer-drawerPaper-1",
    }
  }
  data={
    Array [
      Object {
        "title": "Dashboard",
        "type": "link",
        "url": "/",
      },
      Object {
        "isDisabled": true,
        "title": "New portfolio",
        "type": "link",
        "url": "/portfolio",
      },
      Object {
        "type": "divider",
      },
      Object {
        "icon": <React.Fragment>
          <UNDEFINED />
        </React.Fragment>,
        "title": "Report a bug",
        "type": "link",
        "url": "/bug",
      },
    ]
  }
  isOpen={true}
  onClose={[Function]}
  redirectTo={[Function]}
/>
`;
